The following packages should be updated for best compatibility with the installed expo version:
  expo@54.0.33 - expected version: ~54.0.34
  expo-auth-session@7.0.10 - expected version: ~7.0.11
  expo-blur@15.0.7 - expected version: ~15.0.8
  expo-haptics@15.0.7 - expected version: ~15.0.8
  expo-image@3.0.8 - expected version: ~3.0.11
  expo-image-picker@17.0.10 - expected version: ~17.0.11
  expo-linear-gradient@15.0.7 - expected version: ~15.0.8
  expo-linking@8.0.11 - expected version: ~8.0.12
  expo-secure-store@15.0.7 - expected version: ~15.0.8
  expo-splash-screen@31.0.10 - expected version: ~31.0.13
  expo-status-bar@3.0.8 - expected version: ~3.0.9
  expo-symbols@1.0.7 - expected version: ~1.0.8
  expo-system-ui@6.0.7 - expected version: ~6.0.9
  expo-web-browser@15.0.10 - expected version: ~15.0.11
Your project may not work correctly until you install the expected versions of the packages.
Invalid style property of "background". Please use long-form properties.
"shadow*" style props are deprecated. Use "boxShadow".
λ  WARN  [Layout children]: No route named "(products)/product-details" exists in nested children: [
  '+not-found',
  'index',
  'loading',
  'success',
  '(auth)',
  '(checkout)/payment',
  '(checkout)/premium-checkout',
  '(checkout)/shipping',
  '(products)',
  '(profile)',
  '(services)',
  '(tabs)',
  'views/NotificationSlideView',
  'views/SettingsSlideView'
] 
  console.warn (G:\Agarvision\Agarvision\node_modules\expo\node_modules\@expo\cli\src\start\server\serverLogLikeMetro.ts:161:21)
  map (G:\Agarvision\Agarvision\node_modules\expo-router\build\useScreens.js:69:21)
  getSortedChildren (G:\Agarvision\Agarvision\node_modules\expo-router\build\useScreens.js:62:10)
  useSortedScreens (G:\Agarvision\Agarvision\node_modules\expo-router\build\useScreens.js:121:38)
  Component (G:\Agarvision\Agarvision\node_modules\expo-router\build\layouts\withLayoutContext.js:151:57)
  Object.callComponentInDEV [as react-stack-bottom-frame] (G:\Agarvision\Agarvision\node_modules\react-dom\cjs\react-dom-server-legacy.node.development.js:8970:18)
  renderWithHooks (G:\Agarvision\Agarvision\node_modules\react-dom\cjs\react-dom-server-legacy.node.development.js:4699:19)
  run (G:\Agarvision\Agarvision\node_modules\react-dom\cjs\react-dom-server-legacy.node.development.js:5539:39)
  retryNode (G:\Agarvision\Agarvision\node_modules\react-dom\cjs\react-dom-server-legacy.node.development.js:5899:31)
Invalid style property of "background". Please use long-form properties.
"shadow*" style props are deprecated. Use "boxShadow".
λ  WARN  [Layout children]: No route named "(products)/product-details" exists in nested children: [
  '+not-found',
  'index',
  'loading',
  'success',
  '(auth)',
  '(checkout)/payment',
  '(checkout)/premium-checkout',
  '(checkout)/shipping',
  '(products)',
  '(profile)',
  '(services)',
  '(tabs)',
  'views/NotificationSlideView',
  'views/SettingsSlideView'
] 
  console.warn (G:\Agarvision\Agarvision\node_modules\expo\node_modules\@expo\cli\src\start\server\serverLogLikeMetro.ts:161:21)
  map (G:\Agarvision\Agarvision\node_modules\expo-router\build\useScreens.js:69:21)
  getSortedChildren (G:\Agarvision\Agarvision\node_modules\expo-router\build\useScreens.js:62:10)
  useSortedScreens (G:\Agarvision\Agarvision\node_modules\expo-router\build\useScreens.js:121:38)
  Component (G:\Agarvision\Agarvision\node_modules\expo-router\build\layouts\withLayoutContext.js:151:57)
  Object.callComponentInDEV [as react-stack-bottom-frame] (G:\Agarvision\Agarvision\node_modules\react-dom\cjs\react-dom-server-legacy.node.development.js:8970:18)
  renderWithHooks (G:\Agarvision\Agarvision\node_modules\react-dom\cjs\react-dom-server-legacy.node.development.js:4699:19)
  run (G:\Agarvision\Agarvision\node_modules\react-dom\cjs\react-dom-server-legacy.node.development.js:5539:39)
  retryNode (G:\Agarvision\Agarvision\node_modules\react-dom\cjs\react-dom-server-legacy.node.development.js:5899:31)
Error: Cannot pipe to a closed or destroyed stream
    at pipelineImpl (node:internal/streams/pipeline:264:15)
    at node:stream/promises:31:5
    at new Promise (<anonymous>)
    at pipeline (node:stream/promises:20:10)
    at respond (G:\Agarvision\Agarvision\node_modules\expo-server\src\vendor\http.ts:138:19)
    at G:\Agarvision\Agarvision\node_modules\expo-server\src\vendor\http.ts:68:13
    at processTicksAndRejections (node:internal/process/task_queues:104:5)
Invalid style property of "background". Please use long-form properties.
"shadow*" style props are deprecated. Use "boxShadow".
λ  WARN  [Layout children]: No route named "(products)/product-details" exists in nested children: [
  '+not-found',
  'index',
  'loading',
  'success',
  '(auth)',
  '(checkout)/payment',
  '(checkout)/premium-checkout',
  '(checkout)/shipping',
  '(products)',
  '(profile)',
  '(services)',
  '(tabs)',
  'views/NotificationSlideView',
  'views/SettingsSlideView'
] 
  console.warn (G:\Agarvision\Agarvision\node_modules\expo\node_modules\@expo\cli\src\start\server\serverLogLikeMetro.ts:161:21)
  map (G:\Agarvision\Agarvision\node_modules\expo-router\build\useScreens.js:69:21)
  getSortedChildren (G:\Agarvision\Agarvision\node_modules\expo-router\build\useScreens.js:62:10)
  useSortedScreens (G:\Agarvision\Agarvision\node_modules\expo-router\build\useScreens.js:121:38)
  Component (G:\Agarvision\Agarvision\node_modules\expo-router\build\layouts\withLayoutContext.js:151:57)
  Object.callComponentInDEV [as react-stack-bottom-frame] (G:\Agarvision\Agarvision\node_modules\react-dom\cjs\react-dom-server-legacy.node.development.js:8970:18)
  renderWithHooks (G:\Agarvision\Agarvision\node_modules\react-dom\cjs\react-dom-server-legacy.node.development.js:4699:19)
  run (G:\Agarvision\Agarvision\node_modules\react-dom\cjs\react-dom-server-legacy.node.development.js:5539:39)
  retryNode (G:\Agarvision\Agarvision\node_modules\react-dom\cjs\react-dom-server-legacy.node.development.js:5899:31)
Error: Cannot pipe to a closed or destroyed stream
    at pipelineImpl (node:internal/streams/pipeline:264:15)
    at node:stream/promises:31:5
    at new Promise (<anonymous>)
    at pipeline (node:stream/promises:20:10)
    at respond (G:\Agarvision\Agarvision\node_modules\expo-server\src\vendor\http.ts:138:19)
    at G:\Agarvision\Agarvision\node_modules\expo-server\src\vendor\http.ts:68:13
Invalid style property of "background". Please use long-form properties.
"shadow*" style props are deprecated. Use "boxShadow".
λ  WARN  [Layout children]: No route named "(products)/product-details" exists in nested children: [
  '+not-found',
  'index',
  'loading',
  'success',
  '(auth)',
  '(checkout)/payment',
  '(checkout)/premium-checkout',
  '(checkout)/shipping',
  '(products)',
  '(profile)',
  '(services)',
  '(tabs)',
  'views/NotificationSlideView',
  'views/SettingsSlideView'
] 
  console.warn (G:\Agarvision\Agarvision\node_modules\expo\node_modules\@expo\cli\src\start\server\serverLogLikeMetro.ts:161:21)
  map (G:\Agarvision\Agarvision\node_modules\expo-router\build\useScreens.js:69:21)
  getSortedChildren (G:\Agarvision\Agarvision\node_modules\expo-router\build\useScreens.js:62:10)
  useSortedScreens (G:\Agarvision\Agarvision\node_modules\expo-router\build\useScreens.js:121:38)
  Component (G:\Agarvision\Agarvision\node_modules\expo-router\build\layouts\withLayoutContext.js:151:57)
  Object.callComponentInDEV [as react-stack-bottom-frame] (G:\Agarvision\Agarvision\node_modules\react-dom\cjs\react-dom-server-legacy.node.development.js:8970:18)
  renderWithHooks (G:\Agarvision\Agarvision\node_modules\react-dom\cjs\react-dom-server-legacy.node.development.js:4699:19)
  run (G:\Agarvision\Agarvision\node_modules\react-dom\cjs\react-dom-server-legacy.node.development.js:5539:39)
  retryNode (G:\Agarvision\Agarvision\node_modules\react-dom\cjs\react-dom-server-legacy.node.development.js:5899:31)
Invalid style property of "background". Please use long-form properties.
"shadow*" style props are deprecated. Use "boxShadow".
λ  WARN  [Layout children]: No route named "(products)/product-details" exists in nested children: [
  '+not-found',
  'index',
  'loading',
  'success',
  '(auth)',
  '(checkout)/payment',
  '(checkout)/premium-checkout',
  '(checkout)/shipping',
  '(products)',
  '(profile)',
  '(services)',
  '(tabs)',
  'views/NotificationSlideView',
  'views/SettingsSlideView'
] 
  console.warn (G:\Agarvision\Agarvision\node_modules\expo\node_modules\@expo\cli\src\start\server\serverLogLikeMetro.ts:161:21)
  map (G:\Agarvision\Agarvision\node_modules\expo-router\build\useScreens.js:69:21)
  getSortedChildren (G:\Agarvision\Agarvision\node_modules\expo-router\build\useScreens.js:62:10)
  useSortedScreens (G:\Agarvision\Agarvision\node_modules\expo-router\build\useScreens.js:121:38)
  Component (G:\Agarvision\Agarvision\node_modules\expo-router\build\layouts\withLayoutContext.js:151:57)
  Object.callComponentInDEV [as react-stack-bottom-frame] (G:\Agarvision\Agarvision\node_modules\react-dom\cjs\react-dom-server-legacy.node.development.js:8970:18)
  renderWithHooks (G:\Agarvision\Agarvision\node_modules\react-dom\cjs\react-dom-server-legacy.node.development.js:4699:19)
  run (G:\Agarvision\Agarvision\node_modules\react-dom\cjs\react-dom-server-legacy.node.development.js:5539:39)
  retryNode (G:\Agarvision\Agarvision\node_modules\react-dom\cjs\react-dom-server-legacy.node.development.js:5899:31)
λ  WARN  props.pointerEvents is deprecated. Use style.pointerEvents 
  console.warn (G:\Agarvision\Agarvision\node_modules\expo\node_modules\@expo\cli\src\start\server\serverLogLikeMetro.ts:161:21)
  warnOnce (G:\Agarvision\Agarvision\node_modules\react-native-web\dist\modules\warnOnce\index.js:24:13)
  createDOMProps (G:\Agarvision\Agarvision\node_modules\react-native-web\dist\modules\createDOMProps\index.js:805:13)
  createElement (G:\Agarvision\Agarvision\node_modules\react-native-web\dist\exports\createElement\index.js:23:32)
  Component (G:\Agarvision\Agarvision\node_modules\react-native-web\dist\exports\View\index.js:111:23)
  Object.callComponentInDEV [as react-stack-bottom-frame] (G:\Agarvision\Agarvision\node_modules\react-dom\cjs\react-dom-server-legacy.node.development.js:8970:18)
  renderWithHooks (G:\Agarvision\Agarvision\node_modules\react-dom\cjs\react-dom-server-legacy.node.development.js:4699:19)
  run (G:\Agarvision\Agarvision\node_modules\react-dom\cjs\react-dom-server-legacy.node.development.js:5539:39)
  retryNode (G:\Agarvision\Agarvision\node_modules\react-dom\cjs\react-dom-server-legacy.node.development.js:5899:31)
  renderNodeDestructive (G:\Agarvision\Agarvision\node_modules\react-dom\cjs\react-dom-server-legacy.node.development.js:5849:11)
Invalid style property of "background". Please use long-form properties.
"shadow*" style props are deprecated. Use "boxShadow".
λ  WARN  [Layout children]: No route named "(products)/product-details" exists in nested children: [
  '+not-found',
  'index',
  'loading',
  'success',
  '(auth)',
  '(checkout)/payment',
  '(checkout)/premium-checkout',
  '(checkout)/shipping',
  '(products)',
  '(profile)',
  '(services)',
  '(tabs)',
  'views/NotificationSlideView',
  'views/SettingsSlideView'
] 
  console.warn (G:\Agarvision\Agarvision\node_modules\expo\node_modules\@expo\cli\src\start\server\serverLogLikeMetro.ts:161:21)
  map (G:\Agarvision\Agarvision\node_modules\expo-router\build\useScreens.js:69:21)
  getSortedChildren (G:\Agarvision\Agarvision\node_modules\expo-router\build\useScreens.js:62:10)
  useSortedScreens (G:\Agarvision\Agarvision\node_modules\expo-router\build\useScreens.js:121:38)
  Component (G:\Agarvision\Agarvision\node_modules\expo-router\build\layouts\withLayoutContext.js:151:57)
  Object.callComponentInDEV [as react-stack-bottom-frame] (G:\Agarvision\Agarvision\node_modules\react-dom\cjs\react-dom-server-legacy.node.development.js:8970:18)
  renderWithHooks (G:\Agarvision\Agarvision\node_modules\react-dom\cjs\react-dom-server-legacy.node.development.js:4699:19)
  run (G:\Agarvision\Agarvision\node_modules\react-dom\cjs\react-dom-server-legacy.node.development.js:5539:39)
  retryNode (G:\Agarvision\Agarvision\node_modules\react-dom\cjs\react-dom-server-legacy.node.development.js:5899:31)
λ  WARN  props.pointerEvents is deprecated. Use style.pointerEvents 
  console.warn (G:\Agarvision\Agarvision\node_modules\expo\node_modules\@expo\cli\src\start\server\serverLogLikeMetro.ts:161:21)
  warnOnce (G:\Agarvision\Agarvision\node_modules\react-native-web\dist\modules\warnOnce\index.js:24:13)
  createDOMProps (G:\Agarvision\Agarvision\node_modules\react-native-web\dist\modules\createDOMProps\index.js:805:13)
  createElement (G:\Agarvision\Agarvision\node_modules\react-native-web\dist\exports\createElement\index.js:23:32)
  Component (G:\Agarvision\Agarvision\node_modules\react-native-web\dist\exports\View\index.js:111:23)
  Object.callComponentInDEV [as react-stack-bottom-frame] (G:\Agarvision\Agarvision\node_modules\react-dom\cjs\react-dom-server-legacy.node.development.js:8970:18)
  renderWithHooks (G:\Agarvision\Agarvision\node_modules\react-dom\cjs\react-dom-server-legacy.node.development.js:4699:19)
  run (G:\Agarvision\Agarvision\node_modules\react-dom\cjs\react-dom-server-legacy.node.development.js:5539:39)
  retryNode (G:\Agarvision\Agarvision\node_modules\react-dom\cjs\react-dom-server-legacy.node.development.js:5899:31)
  renderNodeDestructive (G:\Agarvision\Agarvision\node_modules\react-dom\cjs\react-dom-server-legacy.node.development.js:5849:11)
Invalid style property of "background". Please use long-form properties.
"shadow*" style props are deprecated. Use "boxShadow".
λ  WARN  [Layout children]: No route named "(products)/product-details" exists in nested children: [
  '+not-found',
  'index',
  'loading',
  'success',
  '(auth)',
  '(checkout)/payment',
  '(checkout)/premium-checkout',
  '(checkout)/shipping',
  '(products)',
  '(profile)',
  '(services)',
  '(tabs)',
  'views/NotificationSlideView',
  'views/SettingsSlideView'
] 
  console.warn (G:\Agarvision\Agarvision\node_modules\expo\node_modules\@expo\cli\src\start\server\serverLogLikeMetro.ts:161:21)
  map (G:\Agarvision\Agarvision\node_modules\expo-router\build\useScreens.js:69:21)
  getSortedChildren (G:\Agarvision\Agarvision\node_modules\expo-router\build\useScreens.js:62:10)
  useSortedScreens (G:\Agarvision\Agarvision\node_modules\expo-router\build\useScreens.js:121:38)
  Component (G:\Agarvision\Agarvision\node_modules\expo-router\build\layouts\withLayoutContext.js:151:57)
  Object.callComponentInDEV [as react-stack-bottom-frame] (G:\Agarvision\Agarvision\node_modules\react-dom\cjs\react-dom-server-legacy.node.development.js:8970:18)
  renderWithHooks (G:\Agarvision\Agarvision\node_modules\react-dom\cjs\react-dom-server-legacy.node.development.js:4699:19)
  run (G:\Agarvision\Agarvision\node_modules\react-dom\cjs\react-dom-server-legacy.node.development.js:5539:39)
  retryNode (G:\Agarvision\Agarvision\node_modules\react-dom\cjs\react-dom-server-legacy.node.development.js:5899:31)
λ  WARN  props.pointerEvents is deprecated. Use style.pointerEvents 
  console.warn (G:\Agarvision\Agarvision\node_modules\expo\node_modules\@expo\cli\src\start\server\serverLogLikeMetro.ts:161:21)
  warnOnce (G:\Agarvision\Agarvision\node_modules\react-native-web\dist\modules\warnOnce\index.js:24:13)
  createDOMProps (G:\Agarvision\Agarvision\node_modules\react-native-web\dist\modules\createDOMProps\index.js:805:13)
  createElement (G:\Agarvision\Agarvision\node_modules\react-native-web\dist\exports\createElement\index.js:23:32)
  Component (G:\Agarvision\Agarvision\node_modules\react-native-web\dist\exports\View\index.js:111:23)
  Object.callComponentInDEV [as react-stack-bottom-frame] (G:\Agarvision\Agarvision\node_modules\react-dom\cjs\react-dom-server-legacy.node.development.js:8970:18)
  renderWithHooks (G:\Agarvision\Agarvision\node_modules\react-dom\cjs\react-dom-server-legacy.node.development.js:4699:19)
  run (G:\Agarvision\Agarvision\node_modules\react-dom\cjs\react-dom-server-legacy.node.development.js:5539:39)
  retryNode (G:\Agarvision\Agarvision\node_modules\react-dom\cjs\react-dom-server-legacy.node.development.js:5899:31)
  renderNodeDestructive (G:\Agarvision\Agarvision\node_modules\react-dom\cjs\react-dom-server-legacy.node.development.js:5849:11)
Invalid style property of "background". Please use long-form properties.
"shadow*" style props are deprecated. Use "boxShadow".
λ  WARN  [Layout children]: No route named "(products)/product-details" exists in nested children: [
  '+not-found',
  'index',
  'loading',
  'success',
  '(auth)',
  '(checkout)/payment',
  '(checkout)/premium-checkout',
  '(checkout)/shipping',
  '(products)',
  '(profile)',
  '(services)',
  '(tabs)',
  'views/NotificationSlideView',
  'views/SettingsSlideView'
] 
  console.warn (G:\Agarvision\Agarvision\node_modules\expo\node_modules\@expo\cli\src\start\server\serverLogLikeMetro.ts:161:21)
  map (G:\Agarvision\Agarvision\node_modules\expo-router\build\useScreens.js:69:21)
  getSortedChildren (G:\Agarvision\Agarvision\node_modules\expo-router\build\useScreens.js:62:10)
  useSortedScreens (G:\Agarvision\Agarvision\node_modules\expo-router\build\useScreens.js:121:38)
  Component (G:\Agarvision\Agarvision\node_modules\expo-router\build\layouts\withLayoutContext.js:151:57)
  Object.callComponentInDEV [as react-stack-bottom-frame] (G:\Agarvision\Agarvision\node_modules\react-dom\cjs\react-dom-server-legacy.node.development.js:8970:18)
  renderWithHooks (G:\Agarvision\Agarvision\node_modules\react-dom\cjs\react-dom-server-legacy.node.development.js:4699:19)
  run (G:\Agarvision\Agarvision\node_modules\react-dom\cjs\react-dom-server-legacy.node.development.js:5539:39)
  retryNode (G:\Agarvision\Agarvision\node_modules\react-dom\cjs\react-dom-server-legacy.node.development.js:5899:31)
Invalid style property of "background". Please use long-form properties.
"shadow*" style props are deprecated. Use "boxShadow".
λ  WARN  [Layout children]: No route named "(products)/product-details" exists in nested children: [
  '+not-found',
  'index',
  'loading',
  'success',
  '(auth)',
  '(checkout)/payment',
  '(checkout)/premium-checkout',
  '(checkout)/shipping',
  '(products)',
  '(profile)',
  '(services)',
  '(tabs)',
  'views/NotificationSlideView',
  'views/SettingsSlideView'
] 
  console.warn (G:\Agarvision\Agarvision\node_modules\expo\node_modules\@expo\cli\src\start\server\serverLogLikeMetro.ts:161:21)
  map (G:\Agarvision\Agarvision\node_modules\expo-router\build\useScreens.js:69:21)
  getSortedChildren (G:\Agarvision\Agarvision\node_modules\expo-router\build\useScreens.js:62:10)
  useSortedScreens (G:\Agarvision\Agarvision\node_modules\expo-router\build\useScreens.js:121:38)
  Component (G:\Agarvision\Agarvision\node_modules\expo-router\build\layouts\withLayoutContext.js:151:57)
  Object.callComponentInDEV [as react-stack-bottom-frame] (G:\Agarvision\Agarvision\node_modules\react-dom\cjs\react-dom-server-legacy.node.development.js:8970:18)
  renderWithHooks (G:\Agarvision\Agarvision\node_modules\react-dom\cjs\react-dom-server-legacy.node.development.js:4699:19)
  run (G:\Agarvision\Agarvision\node_modules\react-dom\cjs\react-dom-server-legacy.node.development.js:5539:39)
  retryNode (G:\Agarvision\Agarvision\node_modules\react-dom\cjs\react-dom-server-legacy.node.development.js:5899:31)
Invalid style property of "background". Please use long-form properties.
"shadow*" style props are deprecated. Use "boxShadow".
λ  WARN  [Layout children]: No route named "(products)/product-details" exists in nested children: [
  '+not-found',
  'index',
  'loading',
  'success',
  '(auth)',
  '(checkout)/payment',
  '(checkout)/premium-checkout',
  '(checkout)/shipping',
  '(products)',
  '(profile)',
  '(services)',
  '(tabs)',
  'views/NotificationSlideView',
  'views/SettingsSlideView'
] 
  console.warn (G:\Agarvision\Agarvision\node_modules\expo\node_modules\@expo\cli\src\start\server\serverLogLikeMetro.ts:161:21)
  map (G:\Agarvision\Agarvision\node_modules\expo-router\build\useScreens.js:69:21)
  getSortedChildren (G:\Agarvision\Agarvision\node_modules\expo-router\build\useScreens.js:62:10)
  useSortedScreens (G:\Agarvision\Agarvision\node_modules\expo-router\build\useScreens.js:121:38)
  Component (G:\Agarvision\Agarvision\node_modules\expo-router\build\layouts\withLayoutContext.js:151:57)
  Object.callComponentInDEV [as react-stack-bottom-frame] (G:\Agarvision\Agarvision\node_modules\react-dom\cjs\react-dom-server-legacy.node.development.js:8970:18)
  renderWithHooks (G:\Agarvision\Agarvision\node_modules\react-dom\cjs\react-dom-server-legacy.node.development.js:4699:19)
  run (G:\Agarvision\Agarvision\node_modules\react-dom\cjs\react-dom-server-legacy.node.development.js:5539:39)
  retryNode (G:\Agarvision\Agarvision\node_modules\react-dom\cjs\react-dom-server-legacy.node.development.js:5899:31)
Invalid style property of "background". Please use long-form properties.
"shadow*" style props are deprecated. Use "boxShadow".
λ  WARN  [Layout children]: No route named "(products)/product-details" exists in nested children: [
  '+not-found',
  'index',
  'loading',
  'success',
  '(auth)',
  '(checkout)/payment',
  '(checkout)/premium-checkout',
  '(checkout)/shipping',
  '(products)',
  '(profile)',
  '(services)',
  '(tabs)',
  'views/NotificationSlideView',
  'views/SettingsSlideView'
] 
  console.warn (G:\Agarvision\Agarvision\node_modules\expo\node_modules\@expo\cli\src\start\server\serverLogLikeMetro.ts:161:21)
  map (G:\Agarvision\Agarvision\node_modules\expo-router\build\useScreens.js:69:21)
  getSortedChildren (G:\Agarvision\Agarvision\node_modules\expo-router\build\useScreens.js:62:10)
  useSortedScreens (G:\Agarvision\Agarvision\node_modules\expo-router\build\useScreens.js:121:38)
  Component (G:\Agarvision\Agarvision\node_modules\expo-router\build\layouts\withLayoutContext.js:151:57)
  Object.callComponentInDEV [as react-stack-bottom-frame] (G:\Agarvision\Agarvision\node_modules\react-dom\cjs\react-dom-server-legacy.node.development.js:8970:18)
  renderWithHooks (G:\Agarvision\Agarvision\node_modules\react-dom\cjs\react-dom-server-legacy.node.development.js:4699:19)
  run (G:\Agarvision\Agarvision\node_modules\react-dom\cjs\react-dom-server-legacy.node.development.js:5539:39)
  retryNode (G:\Agarvision\Agarvision\node_modules\react-dom\cjs\react-dom-server-legacy.node.development.js:5899:31)
Invalid style property of "background". Please use long-form properties.
"shadow*" style props are deprecated. Use "boxShadow".
λ  WARN  [Layout children]: No route named "(products)/product-details" exists in nested children: [
  '+not-found',
  'index',
  'loading',
  'success',
  '(auth)',
  '(checkout)/payment',
  '(checkout)/premium-checkout',
  '(checkout)/shipping',
  '(products)',
  '(profile)',
  '(services)',
  '(tabs)',
  'views/NotificationSlideView',
  'views/SettingsSlideView'
] 
  console.warn (G:\Agarvision\Agarvision\node_modules\expo\node_modules\@expo\cli\src\start\server\serverLogLikeMetro.ts:161:21)
  map (G:\Agarvision\Agarvision\node_modules\expo-router\build\useScreens.js:69:21)
  getSortedChildren (G:\Agarvision\Agarvision\node_modules\expo-router\build\useScreens.js:62:10)
  useSortedScreens (G:\Agarvision\Agarvision\node_modules\expo-router\build\useScreens.js:121:38)
  Component (G:\Agarvision\Agarvision\node_modules\expo-router\build\layouts\withLayoutContext.js:151:57)
  Object.callComponentInDEV [as react-stack-bottom-frame] (G:\Agarvision\Agarvision\node_modules\react-dom\cjs\react-dom-server-legacy.node.development.js:8970:18)
  renderWithHooks (G:\Agarvision\Agarvision\node_modules\react-dom\cjs\react-dom-server-legacy.node.development.js:4699:19)
  run (G:\Agarvision\Agarvision\node_modules\react-dom\cjs\react-dom-server-legacy.node.development.js:5539:39)
  retryNode (G:\Agarvision\Agarvision\node_modules\react-dom\cjs\react-dom-server-legacy.node.development.js:5899:31)
